// Jest Snapshot v1, https://goo.gl/fbAQLP

exports[`スナップショットテスト スナップショットテスト 1`] = `
"<!DOCTYPE html><html><head>
        <meta charset=\\"utf-8\\">
        <link rel=\\"stylesheet\\" href=\\"./css/style.css\\">
        <title>TODO</title>
        <style>
            h1 {
                font-size: 14px;
            }
        </style>
    </head>
    <body>
        <h1 id=\\"title\\">ページタイトル</h1>
        <button id=\\"addTodo\\">タスクを追加する</button>
        <div id=\\"todoList\\" style=\\"display: none;\\"></div>
        <div id=\\"todoEmpty\\">タスクがありません</div>
        <div>
            <span id=\\"nextTodo\\">次のTODO: (未登録)</span>
            <span id=\\"todoCount\\">(全0件)</span>
        </div>
        <script src=\\"./dist/main.js\\"></script>
    

</body></html>"
`;
